#-----------------------------------------------------------
# Webtalk v2020.3 (64-bit)
# SW Build 3173277 on Wed Apr  7 05:07:49 MDT 2021
# IP Build 3174024 on Wed Apr  7 23:42:35 MDT 2021
# Start of session at: Tue Jul 13 01:11:42 2021
# Process ID: 2880
# Current directory: C:/Users/viannais/Desktop/UERGS/32-bitMips-master_original8-20210707T012033Z-001 _bkp/32-bitMips-master_original8/32-bitMips-master/miTo.sim/sim_2/behav/xsim
# Command line: wbtcv.exe -mode batch -source C:/Users/viannais/Desktop/UERGS/32-bitMips-master_original8-20210707T012033Z-001 _bkp/32-bitMips-master_original8/32-bitMips-master/miTo.sim/sim_2/behav/xsim/xsim.dir/testebenchc_behav/webtalk/xsim_webtalk.tcl -notrace
# Log file: C:/Users/viannais/Desktop/UERGS/32-bitMips-master_original8-20210707T012033Z-001 _bkp/32-bitMips-master_original8/32-bitMips-master/miTo.sim/sim_2/behav/xsim/webtalk.log
# Journal file: C:/Users/viannais/Desktop/UERGS/32-bitMips-master_original8-20210707T012033Z-001 _bkp/32-bitMips-master_original8/32-bitMips-master/miTo.sim/sim_2/behav/xsim\webtalk.jou
#-----------------------------------------------------------
source C:/Users/viannais/Desktop/UERGS/32-bitMips-master_original8-20210707T012033Z-001 -notrace
